Microchip MPLAB XC8 Compiler V1.12 ()

Linker command line:

--edf=/opt/microchip/xc8/v1.12/dat/en_msgs.txt -cs \
  -h+dist/default/production/xc8-bootloader.X.production.sym -z -Q16F1825 \
  -ol.obj -Mdist/default/production/xc8-bootloader.X.production.map -E1 \
  -ver=XC8 -ACONST=00h-0FFhx32 -ACODE=00h-07FFhx4 -ASTRCODE=00h-01FFFh \
  -AENTRY=00h-0FFhx32 -ASTRING=00h-0FFhx32 -ACOMMON=070h-07Fh \
  -ABANK0=020h-06Fh -ABANK1=0A0h-0EFh -ABANK2=0120h-016Fh \
  -ABANK3=01A0h-01EFh -ABANK4=0220h-026Fh -ABANK5=02A0h-02EFh \
  -ABANK6=0320h-036Fh -ABANK7=03A0h-03EFh -ABANK8=0420h-046Fh \
  -ABANK9=04A0h-04EFh -ABANK10=0520h-056Fh -ABANK11=05A0h-05EFh \
  -ABANK12=0620h-064Fh -ABIGRAM=02000h-023EFh \
  -ARAM=020h-06Fh,0A0h-0EFh,0120h-016Fh,01A0h-01EFh,0220h-026Fh,02A0h-02EFh,0320h-036Fh,03A0h-03EFh,0420h-046Fh,04A0h-04EFh,0520h-056Fh,05A0h-05EFh,0620h-064Fh \
  -AABS1=020h-07Fh,0A0h-0EFh,0120h-016Fh,01A0h-01EFh,0220h-026Fh,02A0h-02EFh,0320h-036Fh,03A0h-03EFh,0420h-046Fh,04A0h-04EFh,0520h-056Fh,05A0h-05EFh,0620h-064Fh \
  -ASFR0=00h-01Fh -ASFR1=080h-09Fh -ASFR2=0100h-011Fh -ASFR3=0180h-019Fh \
  -ASFR4=0200h-021Fh -ASFR5=0280h-029Fh -ASFR6=0300h-031Fh \
  -ASFR7=0380h-039Fh -ASFR8=0400h-041Fh -ASFR9=0480h-049Fh \
  -ASFR10=0500h-051Fh -ASFR11=0580h-059Fh -ASFR12=0600h-061Fh \
  -ASFR13=0680h-06EFh -ASFR14=0700h-076Fh -ASFR15=0780h-07EFh \
  -ASFR16=0800h-086Fh -ASFR17=0880h-08EFh -ASFR18=0900h-096Fh \
  -ASFR19=0980h-09EFh -ASFR20=0A00h-0A6Fh -ASFR21=0A80h-0AEFh \
  -ASFR22=0B00h-0B6Fh -ASFR23=0B80h-0BEFh -ASFR24=0C00h-0C6Fh \
  -ASFR25=0C80h-0CEFh -ASFR26=0D00h-0D6Fh -ASFR27=0D80h-0DEFh \
  -ASFR28=0E00h-0E6Fh -ASFR29=0E80h-0EEFh -ASFR30=0F00h-0F6Fh \
  -ASFR31=0F80h-0FEFh -preset_vec=00h,intentry=04h,init,end_init \
  -ppowerup=CODE -pfunctab=CODE -ACONFIG=08007h-08008h -pconfig=CONFIG \
  -DCONFIG=2 -AIDLOC=08000h-08003h -pidloc=IDLOC -DIDLOC=2 \
  -AEEDATA=00h-0FFh/0F000h -peeprom_data=EEDATA -DEEDATA=2 -DCODE=2 \
  -DSTRCODE=2 -DSTRING=2 -DCONST=2 -DENTRY=2 -k /tmp/cgtZYS3xM.obj \
  dist/default/production/xc8-bootloader.X.production.obj 

Object code version is 3.10

Machine type is 16F1825



                Name                               Link     Load   Length Selector   Space Scale
/tmp/cgtZYS3xM.obj
                end_init                              E        E        2        8       0
                reset_vec                             0        0        2        0       0
                config                             8007     8007        2    1000E       0
dist/default/production/xc8-bootloader.X.production.obj
                intentry                              4        4        A        8       0
                text545                             4AE      4AE       1C        8       0
                text544                             45C      45C       2E        8       0
                text543                             308      308       6F        8       0
                text542                             420      420       3C        8       0
                text541                             3D1      3D1       4F        8       0
                text540                             276      276       92        8       0
                text539                              10       10      110        8       0
                text538                             4F0      4F0        F        8       0
                text537                             4FF      4FF        8        8       0
                text536                             48A      48A       24        8       0
                text535                             120      120       B0        8       0
                text534                             4CA      4CA       15        8       0
                text533                             50D      50D        3        8       0
                text532                             1D0      1D0       A6        8       0
                maintext                            377      377       5A        8       0
                cstackBANK0                          20       20       1D       20       1
                cstackCOMMON                         70       70        C       70       1
                clrtext                             507      507        6        8       0
                bssBANK1                             A0       A0       50       A0       1
                bssBANK0                             3D       3D        5       20       1
                bitbssCOMMON                        3E0       7C        2       70       1     8
                cinit                               4DF      4DF       11        8       0
                nvBANK0                              42       42        1       20       1

TOTAL           Name                               Link     Load   Length     Space
        CLASS   CONST          

        CLASS   CODE           
                end_init                              E        E        2         0
                intentry                              4        4        A         0
                reset_vec                             0        0        2         0
                text545                             4AE      4AE       1C         0
                text544                             45C      45C       2E         0
                text543                             308      308       6F         0
                text542                             420      420       3C         0
                text541                             3D1      3D1       4F         0
                text540                             276      276       92         0
                text539                              10       10      110         0
                text538                             4F0      4F0        F         0
                text537                             4FF      4FF        8         0
                text536                             48A      48A       24         0
                text535                             120      120       B0         0
                text534                             4CA      4CA       15         0
                text533                             50D      50D        3         0
                text532                             1D0      1D0       A6         0
                maintext                            377      377       5A         0
                clrtext                             507      507        6         0
                cinit                               4DF      4DF       11         0

        CLASS   STRCODE        

        CLASS   ENTRY          

        CLASS   STRING         

        CLASS   COMMON         
                cstackCOMMON                         70       70        C         1
                bitbssCOMMON                        3E0       7C        2         1

        CLASS   BANK0          
                cstackBANK0                          20       20       1D         1
                bssBANK0                             3D       3D        5         1
                nvBANK0                              42       42        1         1

        CLASS   BANK1          
                bssBANK1                             A0       A0       50         1

        CLASS   BANK2          

        CLASS   BANK3          

        CLASS   BANK4          

        CLASS   BANK5          

        CLASS   BANK6          

        CLASS   BANK7          

        CLASS   BANK8          

        CLASS   BANK9          

        CLASS   BANK10         

        CLASS   BANK11         

        CLASS   BANK12         

        CLASS   BIGRAM         

        CLASS   RAM            

        CLASS   ABS1           
                abs_s1                               7E       7E        2         1

        CLASS   SFR0           

        CLASS   SFR1           

        CLASS   SFR2           

        CLASS   SFR3           

        CLASS   SFR4           

        CLASS   SFR5           

        CLASS   SFR6           

        CLASS   SFR7           

        CLASS   SFR8           

        CLASS   SFR9           

        CLASS   SFR10          

        CLASS   SFR11          

        CLASS   SFR12          

        CLASS   SFR13          

        CLASS   SFR14          

        CLASS   SFR15          

        CLASS   SFR16          

        CLASS   SFR17          

        CLASS   SFR18          

        CLASS   SFR19          

        CLASS   SFR20          

        CLASS   SFR21          

        CLASS   SFR22          

        CLASS   SFR23          

        CLASS   SFR24          

        CLASS   SFR25          

        CLASS   SFR26          

        CLASS   SFR27          

        CLASS   SFR28          

        CLASS   SFR29          

        CLASS   SFR30          

        CLASS   SFR31          

        CLASS   CONFIG         
                config                             8007     8007        2         0

        CLASS   IDLOC          

        CLASS   EEDATA         

        CLASS   BANK31         

        CLASS   BANK30         

        CLASS   BANK29         

        CLASS   BANK28         

        CLASS   BANK27         

        CLASS   BANK26         

        CLASS   BANK25         

        CLASS   BANK24         

        CLASS   BANK23         

        CLASS   BANK22         

        CLASS   BANK21         

        CLASS   BANK20         

        CLASS   BANK19         

        CLASS   BANK18         

        CLASS   BANK17         

        CLASS   BANK16         

        CLASS   BANK15         

        CLASS   BANK14         

        CLASS   BANK13         



SEGMENTS        Name                           Load    Length   Top    Selector   Space  Class     Delta

                reset_vec                      000000  000002  000002         0       0  CODE        2
                intentry                       000004  00050C  000510         8       0  CODE        2
                cstackBANK0                    000020  000023  000043        20       1  BANK0       1
                cstackCOMMON                   000070  00000D  00007D        70       1  COMMON      1
                bssBANK1                       0000A0  000050  0000F0        A0       1  BANK1       1
                config                         008007  000002  008009     1000E       0  CONFIG      2


UNUSED ADDRESS RANGES

        Name                Unused          Largest block    Delta
        BANK0            00043-0006F              2D           1
        BANK10           00520-0056F              50           1
        BANK11           005A0-005EF              50           1
        BANK12           00620-0064F              30           1
        BANK2            00120-0016F              50           1
        BANK3            001A0-001EF              50           1
        BANK4            00220-0026F              50           1
        BANK5            002A0-002EF              50           1
        BANK6            00320-0036F              50           1
        BANK7            003A0-003EF              50           1
        BANK8            00420-0046F              50           1
        BANK9            004A0-004EF              50           1
        BIGRAM           02000-023EF             3F0           1
        CODE             00002-00003               2           2
                         00510-01FFF             800
        COMMON           0007D-0007D               1           1
        CONST            00002-00003               2           2
                         00510-01FFF             100
        EEDATA           0F000-0F0FF             100           2
        ENTRY            00002-00003               2           2
                         00510-01FFF             100
        IDLOC            08000-08003               4           2
        RAM              00043-0006F              2D           1
                         00120-0016F              50
                         001A0-001EF              50
                         00220-0026F              50
                         002A0-002EF              50
                         00320-0036F              50
                         003A0-003EF              50
                         00420-0046F              50
                         004A0-004EF              50
                         00520-0056F              50
                         005A0-005EF              50
                         00620-0064F              30
        SFR0             00000-0001F              20           1
        SFR1             00080-0009F              20           1
        SFR10            00500-0051F              20           1
        SFR11            00580-0059F              20           1
        SFR12            00600-0061F              20           1
        SFR13            00680-006EF              70           1
        SFR14            00700-0076F              70           1
        SFR15            00780-007EF              70           1
        SFR16            00800-0086F              70           1
        SFR17            00880-008EF              70           1
        SFR18            00900-0096F              70           1
        SFR19            00980-009EF              70           1
        SFR2             00100-0011F              20           1
        SFR20            00A00-00A6F              70           1
        SFR21            00A80-00AEF              70           1
        SFR22            00B00-00B6F              70           1
        SFR23            00B80-00BEF              70           1
        SFR24            00C00-00C6F              70           1
        SFR25            00C80-00CEF              70           1
        SFR26            00D00-00D6F              70           1
        SFR27            00D80-00DEF              70           1
        SFR28            00E00-00E6F              70           1
        SFR29            00E80-00EEF              70           1
        SFR3             00180-0019F              20           1
        SFR30            00F00-00F6F              70           1
        SFR31            00F80-00FEF              70           1
        SFR4             00200-0021F              20           1
        SFR5             00280-0029F              20           1
        SFR6             00300-0031F              20           1
        SFR7             00380-0039F              20           1
        SFR8             00400-0041F              20           1
        SFR9             00480-0049F              20           1
        STRCODE          00002-00003               2           2
                         00510-01FFF            1AF0
        STRING           00002-00003               2           2
                         00510-01FFF             100

                                  Symbol Table

?_calc_crc16                  cstackCOMMON 00071
?_eeprom_write                cstackCOMMON 00071
?_flash_read_row              cstackCOMMON 00071
?_flash_write_row             cstackCOMMON 00071
?_read_configmem_word         cstackCOMMON 00071
_CARRY                        (abs)        00018
_EEADR                        (abs)        00191
_EEADRH                       (abs)        00192
_EEADRL                       (abs)        00191
_EECON1                       (abs)        00195
_EECON1bits                   (abs)        00195
_EECON2                       (abs)        00196
_EEDATA                       (abs)        00193
_EEDATH                       (abs)        00194
_EEDATL                       (abs)        00193
_GIE                          (abs)        0005F
_LATCbits                     (abs)        0010E
_OSCCON                       (abs)        00099
_PIR1bits                     (abs)        00011
_PORTA                        (abs)        0000C
_PORTAbits                    (abs)        0000C
_PORTC                        (abs)        0000E
_RCREG                        (abs)        00199
_RCSTA                        (abs)        0019D
_RCSTAbits                    (abs)        0019D
_RD                           (abs)        00CA8
_SPBRGL                       (abs)        0019B
_TRISA                        (abs)        0008C
_TRISC                        (abs)        0008E
_TXREG                        (abs)        0019A
_TXSTA                        (abs)        0019E
_TXSTAbits                    (abs)        0019E
_WR                           (abs)        00CA9
_WREN                         (abs)        00CAA
__CFG_BOREN$SBODEN            (abs)        00000
__CFG_BORV$LO                 (abs)        00000
__CFG_CLKOUTEN$OFF            (abs)        00000
__CFG_CP$OFF                  (abs)        00000
__CFG_CPD$OFF                 (abs)        00000
__CFG_FCMEN$OFF               (abs)        00000
__CFG_FOSC$INTOSC             (abs)        00000
__CFG_IESO$ON                 (abs)        00000
__CFG_LVP$OFF                 (abs)        00000
__CFG_PLLEN$ON                (abs)        00000
__CFG_PWRTE$ON                (abs)        00000
__CFG_STVREN$ON               (abs)        00000
__CFG_WDTE$OFF                (abs)        00000
__CFG_WRT$OFF                 (abs)        00000
__Habs1                       abs1         00000
__Hbank0                      bank0        00000
__Hbank1                      bank1        00000
__Hbank10                     bank10       00000
__Hbank11                     bank11       00000
__Hbank12                     bank12       00000
__Hbank13                     bank13       00000
__Hbank14                     bank14       00000
__Hbank15                     bank15       00000
__Hbank16                     bank16       00000
__Hbank17                     bank17       00000
__Hbank18                     bank18       00000
__Hbank19                     bank19       00000
__Hbank2                      bank2        00000
__Hbank20                     bank20       00000
__Hbank21                     bank21       00000
__Hbank22                     bank22       00000
__Hbank23                     bank23       00000
__Hbank24                     bank24       00000
__Hbank25                     bank25       00000
__Hbank26                     bank26       00000
__Hbank27                     bank27       00000
__Hbank28                     bank28       00000
__Hbank29                     bank29       00000
__Hbank3                      bank3        00000
__Hbank30                     bank30       00000
__Hbank31                     bank31       00000
__Hbank4                      bank4        00000
__Hbank5                      bank5        00000
__Hbank6                      bank6        00000
__Hbank7                      bank7        00000
__Hbank8                      bank8        00000
__Hbank9                      bank9        00000
__Hbigram                     bigram       00000
__HbitbssCOMMON               bitbssCOMMON 00000
__HbssBANK0                   bssBANK0     00000
__HbssBANK1                   bssBANK1     00000
__Hcinit                      cinit        00000
__Hclrtext                    clrtext      00000
__Hcode                       code         00000
__Hcommon                     common       00000
__Hconfig                     config       08009
__HcstackBANK0                cstackBANK0  00000
__HcstackCOMMON               cstackCOMMON 00000
__Heeprom_data                eeprom_data  00000
__Hend_init                   end_init     00010
__Hfunctab                    functab      00000
__Hidloc                      idloc        00000
__Hinit                       init         0000E
__Hintentry                   intentry     0000E
__Hmaintext                   maintext     00000
__HnvBANK0                    nvBANK0      00000
__Hpowerup                    powerup      00000
__Hram                        ram          00000
__Hreset_vec                  reset_vec    00002
__Hsfr0                       sfr0         00000
__Hsfr1                       sfr1         00000
__Hsfr10                      sfr10        00000
__Hsfr11                      sfr11        00000
__Hsfr12                      sfr12        00000
__Hsfr13                      sfr13        00000
__Hsfr14                      sfr14        00000
__Hsfr15                      sfr15        00000
__Hsfr16                      sfr16        00000
__Hsfr17                      sfr17        00000
__Hsfr18                      sfr18        00000
__Hsfr19                      sfr19        00000
__Hsfr2                       sfr2         00000
__Hsfr20                      sfr20        00000
__Hsfr21                      sfr21        00000
__Hsfr22                      sfr22        00000
__Hsfr23                      sfr23        00000
__Hsfr24                      sfr24        00000
__Hsfr25                      sfr25        00000
__Hsfr26                      sfr26        00000
__Hsfr27                      sfr27        00000
__Hsfr28                      sfr28        00000
__Hsfr29                      sfr29        00000
__Hsfr3                       sfr3         00000
__Hsfr30                      sfr30        00000
__Hsfr31                      sfr31        00000
__Hsfr4                       sfr4         00000
__Hsfr5                       sfr5         00000
__Hsfr6                       sfr6         00000
__Hsfr7                       sfr7         00000
__Hsfr8                       sfr8         00000
__Hsfr9                       sfr9         00000
__Hstrings                    strings      00000
__Htext                       text         00000
__Labs1                       abs1         00000
__Lbank0                      bank0        00000
__Lbank1                      bank1        00000
__Lbank10                     bank10       00000
__Lbank11                     bank11       00000
__Lbank12                     bank12       00000
__Lbank13                     bank13       00000
__Lbank14                     bank14       00000
__Lbank15                     bank15       00000
__Lbank16                     bank16       00000
__Lbank17                     bank17       00000
__Lbank18                     bank18       00000
__Lbank19                     bank19       00000
__Lbank2                      bank2        00000
__Lbank20                     bank20       00000
__Lbank21                     bank21       00000
__Lbank22                     bank22       00000
__Lbank23                     bank23       00000
__Lbank24                     bank24       00000
__Lbank25                     bank25       00000
__Lbank26                     bank26       00000
__Lbank27                     bank27       00000
__Lbank28                     bank28       00000
__Lbank29                     bank29       00000
__Lbank3                      bank3        00000
__Lbank30                     bank30       00000
__Lbank31                     bank31       00000
__Lbank4                      bank4        00000
__Lbank5                      bank5        00000
__Lbank6                      bank6        00000
__Lbank7                      bank7        00000
__Lbank8                      bank8        00000
__Lbank9                      bank9        00000
__Lbigram                     bigram       00000
__LbitbssCOMMON               bitbssCOMMON 00000
__LbssBANK0                   bssBANK0     00000
__LbssBANK1                   bssBANK1     00000
__Lcinit                      cinit        00000
__Lclrtext                    clrtext      00000
__Lcode                       code         00000
__Lcommon                     common       00000
__Lconfig                     config       08007
__LcstackBANK0                cstackBANK0  00000
__LcstackCOMMON               cstackCOMMON 00000
__Leeprom_data                eeprom_data  00000
__Lend_init                   end_init     0000E
__Lfunctab                    functab      00000
__Lidloc                      idloc        00000
__Linit                       init         0000E
__Lintentry                   intentry     00004
__Lmaintext                   maintext     00000
__LnvBANK0                    nvBANK0      00000
__Lpowerup                    powerup      00000
__Lram                        ram          00000
__Lreset_vec                  reset_vec    00000
__Lsfr0                       sfr0         00000
__Lsfr1                       sfr1         00000
__Lsfr10                      sfr10        00000
__Lsfr11                      sfr11        00000
__Lsfr12                      sfr12        00000
__Lsfr13                      sfr13        00000
__Lsfr14                      sfr14        00000
__Lsfr15                      sfr15        00000
__Lsfr16                      sfr16        00000
__Lsfr17                      sfr17        00000
__Lsfr18                      sfr18        00000
__Lsfr19                      sfr19        00000
__Lsfr2                       sfr2         00000
__Lsfr20                      sfr20        00000
__Lsfr21                      sfr21        00000
__Lsfr22                      sfr22        00000
__Lsfr23                      sfr23        00000
__Lsfr24                      sfr24        00000
__Lsfr25                      sfr25        00000
__Lsfr26                      sfr26        00000
__Lsfr27                      sfr27        00000
__Lsfr28                      sfr28        00000
__Lsfr29                      sfr29        00000
__Lsfr3                       sfr3         00000
__Lsfr30                      sfr30        00000
__Lsfr31                      sfr31        00000
__Lsfr4                       sfr4         00000
__Lsfr5                       sfr5         00000
__Lsfr6                       sfr6         00000
__Lsfr7                       sfr7         00000
__Lsfr8                       sfr8         00000
__Lsfr9                       sfr9         00000
__Lstrings                    strings      00000
__Ltext                       text         00000
__S0                          (abs)        08009
__S1                          (abs)        000F0
__S2                          (abs)        00000
__end_of__initialization      cinit        004ED
__end_of_calc_crc16           text541      00420
__end_of_check_appspace       text540      00308
__end_of_do_bootloader        text532      00276
__end_of_eeprom_read          text545      004CA
__end_of_eeprom_write         text544      0048A
__end_of_flash_read_row       text542      0045C
__end_of_flash_write_row      text543      00377
__end_of_getc                 text534      004DF
__end_of_isr_redirect         intentry     0000E
__end_of_main                 maintext     003D1
__end_of_process_packet       text539      00120
__end_of_putc                 text537      00507
__end_of_read_configmem_word  text536      004AE
__end_of_send_query_response  text535      001D0
__end_of_start_app            text533      00510
__end_of_tx_wait_empty        text538      004FF
__initialization              cinit        004DF
__pbitbssCOMMON               bitbssCOMMON 003E0
__pbssBANK0                   bssBANK0     0003D
__pbssBANK1                   bssBANK1     000A0
__pcstackBANK0                cstackBANK0  00020
__pcstackCOMMON               cstackCOMMON 00070
__pintentry                   intentry     00004
__pmaintext                   maintext     00377
__pnvBANK0                    nvBANK0      00042
__ptext532                    text532      001D0
__ptext533                    text533      0050D
__ptext534                    text534      004CA
__ptext535                    text535      00120
__ptext536                    text536      0048A
__ptext537                    text537      004FF
__ptext538                    text538      004F0
__ptext539                    text539      00010
__ptext540                    text540      00276
__ptext541                    text541      003D1
__ptext542                    text542      00420
__ptext543                    text543      00308
__ptext544                    text544      0045C
__ptext545                    text545      004AE
__size_of_calc_crc16          (abs)        00000
__size_of_check_appspace      (abs)        00000
__size_of_do_bootloader       (abs)        00000
__size_of_eeprom_read         (abs)        00000
__size_of_eeprom_write        (abs)        00000
__size_of_flash_read_row      (abs)        00000
__size_of_flash_write_row     (abs)        00000
__size_of_getc                (abs)        00000
__size_of_isr_redirect        (abs)        00000
__size_of_main                (abs)        00000
__size_of_process_packet      (abs)        00000
__size_of_putc                (abs)        00000
__size_of_read_configmem_word (abs)        00000
__size_of_send_query_response (abs)        00000
__size_of_start_app           (abs)        00000
__size_of_tx_wait_empty       (abs)        00000
_calc_crc16                   text541      003D1
_check_appspace               text540      00276
_cmd                          bssBANK0     00041
_do_bootloader                text532      001D0
_eeprom_read                  text545      004AE
_eeprom_write                 text544      0045C
_flash_read_row               text542      00420
_flash_write_row              text543      00308
_getc                         text534      004CA
_isr_redirect                 intentry     00004
_main                         maintext     00377
_myaddress                    nvBANK0      00042
_pkt                          bssBANK1     000A0
_process_packet               text539      00010
_putc                         text537      004FF
_read_configmem_word          text536      0048A
_send_query_response          text535      00120
_start_app                    text533      0050D
_tx_wait_empty                text538      004F0
btemp                         (abs)        0007E
calc_crc16@buf                cstackCOMMON 00073
calc_crc16@crc                cstackCOMMON 00079
calc_crc16@crcin              cstackCOMMON 00071
calc_crc16@dogen              bitbssCOMMON 003E0
calc_crc16@i                  cstackCOMMON 00077
calc_crc16@j                  cstackCOMMON 00078
calc_crc16@len                cstackCOMMON 00074
check_appspace@appcrc16       cstackBANK0  00024
check_appspace@crc16          cstackBANK0  0002C
check_appspace@i              cstackBANK0  0002A
check_appspace@pmaddr         cstackBANK0  00028
check_appspace@rowsused       cstackBANK0  00026
clear_ram                     clrtext      00507
do_bootloader@c               cstackBANK0  00039
do_bootloader@i               cstackBANK0  00038
eeprom_read@addr              cstackCOMMON 00074
eeprom_write@addr             cstackCOMMON 00074
eeprom_write@value            cstackCOMMON 00071
end_of_initialization         cinit        004ED
flash_read_row@buffer         cstackCOMMON 00073
flash_read_row@i              cstackCOMMON 00078
flash_read_row@pm_word_addr   cstackCOMMON 00071
flash_read_row@pma            cstackCOMMON 00075
flash_read_row@wa             cstackCOMMON 00076
flash_write_row@b             cstackCOMMON 00075
flash_write_row@buffer        cstackCOMMON 00073
flash_write_row@i             cstackCOMMON 0007A
flash_write_row@j             cstackCOMMON 0007B
flash_write_row@pm_word_addr  cstackCOMMON 00071
flash_write_row@v             cstackCOMMON 00078
flash_write_row@wa            cstackCOMMON 00076
intlevel0                     functab      00000
intlevel1                     functab      00000
intlevel2                     functab      00000
intlevel3                     functab      00000
intlevel4                     functab      00000
intlevel5                     functab      00000
process_packet@acknak         cstackBANK0  00035
process_packet@crc16          cstackBANK0  00030
process_packet@eeaddress      cstackBANK0  00032
process_packet@i              cstackBANK0  00036
process_packet@param          cstackBANK0  00033
process_packet@pseq           bssBANK0     0003D
process_packet@seqno          bssBANK0     0003F
process_packet@write_en       bitbssCOMMON 003E1
putc@c                        cstackCOMMON 00071
read_configmem_word@retval    cstackCOMMON 00076
read_configmem_word@wordaddr  cstackCOMMON 00075
reset_vec                     reset_vec    00000
send_query_response@i         cstackBANK0  00025
send_query_response@q         cstackBANK0  00024
send_query_response@v         cstackBANK0  00022
start                         init         0000E
start_initialization          cinit        004DF
wtemp0                        (abs)        0007E


FUNCTION INFORMATION:

 *************** function _main *****************
 Defined at:
		line 512 in file "../bloader.c"
 Parameters:    Size  Location     Type
		None
 Auto vars:     Size  Location     Type
		None
 Return value:  Size  Location     Type
                  2  167[COMMON] int 
 Registers used:
		wreg, fsr0l, fsr0h, fsr1l, fsr1h, status,2, status,0, btemp+1, pclath, cstack
 Tracked objects:
		On entry : 
		On exit  : 
		Unchanged: 
 Data sizes:     COMMON   BANK0   BANK1   BANK2   BANK3   BANK4   BANK5   BANK6   BANK7   BANK8   BANK9  BANK10  BANK11  BANK12
      Params:         0       0       0       0       0       0       0       0       0       0       0       0       0       0
      Locals:         0       0       0       0       0       0       0       0       0       0       0       0       0       0
      Temps:          0       3       0       0       0       0       0       0       0       0       0       0       0       0
      Totals:         0       3       0       0       0       0       0       0       0       0       0       0       0       0
Total ram usage:        3 bytes
 Hardware stack levels required when called:    5
 This function calls:
		_eeprom_read
		_do_bootloader
		_check_appspace
		_start_app
 This function is called by:
		Startup code after reset
 This function uses a non-reentrant model


 *************** function _do_bootloader *****************
 Defined at:
		line 437 in file "../bloader.c"
 Parameters:    Size  Location     Type
		None
 Auto vars:     Size  Location     Type
  c               1   25[BANK0 ] unsigned char 
  i               1   24[BANK0 ] unsigned char 
 Return value:  Size  Location     Type
		None               void
 Registers used:
		wreg, fsr0l, fsr0h, fsr1l, fsr1h, status,2, status,0, btemp+1, pclath, cstack
 Tracked objects:
		On entry : 
		On exit  : 
		Unchanged: 
 Data sizes:     COMMON   BANK0   BANK1   BANK2   BANK3   BANK4   BANK5   BANK6   BANK7   BANK8   BANK9  BANK10  BANK11  BANK12
      Params:         0       0       0       0       0       0       0       0       0       0       0       0       0       0
      Locals:         0       2       0       0       0       0       0       0       0       0       0       0       0       0
      Temps:          0       1       0       0       0       0       0       0       0       0       0       0       0       0
      Totals:         0       3       0       0       0       0       0       0       0       0       0       0       0       0
Total ram usage:        3 bytes
 Hardware stack levels used:    1
 Hardware stack levels required when called:    4
 This function calls:
		_getc
		_process_packet
		_putc
		_send_query_response
		_tx_wait_empty
		_eeprom_read
		_eeprom_write
		_start_app
 This function is called by:
		_main
 This function uses a non-reentrant model


 *************** function _start_app *****************
 Defined at:
		line 163 in file "../bloader.c"
 Parameters:    Size  Location     Type
		None
 Auto vars:     Size  Location     Type
		None
 Return value:  Size  Location     Type
		None               void
 Registers used:
		None
 Tracked objects:
		On entry : 
		On exit  : 
		Unchanged: 
 Data sizes:     COMMON   BANK0   BANK1   BANK2   BANK3   BANK4   BANK5   BANK6   BANK7   BANK8   BANK9  BANK10  BANK11  BANK12
      Params:         0       0       0       0       0       0       0       0       0       0       0       0       0       0
      Locals:         0       0       0       0       0       0       0       0       0       0       0       0       0       0
      Temps:          0       0       0       0       0       0       0       0       0       0       0       0       0       0
      Totals:         0       0       0       0       0       0       0       0       0       0       0       0       0       0
Total ram usage:        0 bytes
 Hardware stack levels used:    1
 Hardware stack levels required when called:    1
 This function calls:
		Nothing
 This function is called by:
		_do_bootloader
		_main
 This function uses a non-reentrant model


 *************** function _getc *****************
 Defined at:
		line 251 in file "../bloader.c"
 Parameters:    Size  Location     Type
		None
 Auto vars:     Size  Location     Type
		None
 Return value:  Size  Location     Type
                  1    wreg      unsigned char 
 Registers used:
		wreg
 Tracked objects:
		On entry : 
		On exit  : 
		Unchanged: 
 Data sizes:     COMMON   BANK0   BANK1   BANK2   BANK3   BANK4   BANK5   BANK6   BANK7   BANK8   BANK9  BANK10  BANK11  BANK12
      Params:         0       0       0       0       0       0       0       0       0       0       0       0       0       0
      Locals:         0       0       0       0       0       0       0       0       0       0       0       0       0       0
      Temps:          0       0       0       0       0       0       0       0       0       0       0       0       0       0
      Totals:         0       0       0       0       0       0       0       0       0       0       0       0       0       0
Total ram usage:        0 bytes
 Hardware stack levels used:    1
 Hardware stack levels required when called:    1
 This function calls:
		Nothing
 This function is called by:
		_do_bootloader
 This function uses a non-reentrant model


 *************** function _send_query_response *****************
 Defined at:
		line 267 in file "../bloader.c"
 Parameters:    Size  Location     Type
		None
 Auto vars:     Size  Location     Type
  v               2    2[BANK0 ] unsigned int 
  i               1    5[BANK0 ] unsigned char 
  q               1    4[BANK0 ] PTR unsigned char 
		 -> pkt.pl(64), pkt(80), 
 Return value:  Size  Location     Type
		None               void
 Registers used:
		wreg, fsr1l, fsr1h, status,2, status,0, btemp+1, pclath, cstack
 Tracked objects:
		On entry : 
		On exit  : 
		Unchanged: 
 Data sizes:     COMMON   BANK0   BANK1   BANK2   BANK3   BANK4   BANK5   BANK6   BANK7   BANK8   BANK9  BANK10  BANK11  BANK12
      Params:         0       0       0       0       0       0       0       0       0       0       0       0       0       0
      Locals:         0       4       0       0       0       0       0       0       0       0       0       0       0       0
      Temps:          0       2       0       0       0       0       0       0       0       0       0       0       0       0
      Totals:         0       6       0       0       0       0       0       0       0       0       0       0       0       0
Total ram usage:        6 bytes
 Hardware stack levels used:    1
 Hardware stack levels required when called:    3
 This function calls:
		_read_configmem_word
		_calc_crc16
		_putc
 This function is called by:
		_do_bootloader
 This function uses a non-reentrant model


 *************** function _read_configmem_word *****************
 Defined at:
		line 205 in file "../bloader.c"
 Parameters:    Size  Location     Type
  wordaddr        1    wreg     unsigned char 
 Auto vars:     Size  Location     Type
  wordaddr        1    5[COMMON] unsigned char 
  retval          2    6[COMMON] unsigned int 
 Return value:  Size  Location     Type
                  2    1[COMMON] unsigned int 
 Registers used:
		wreg, status,2, status,0, btemp+1
 Tracked objects:
		On entry : 
		On exit  : 
		Unchanged: 
 Data sizes:     COMMON   BANK0   BANK1   BANK2   BANK3   BANK4   BANK5   BANK6   BANK7   BANK8   BANK9  BANK10  BANK11  BANK12
      Params:         2       0       0       0       0       0       0       0       0       0       0       0       0       0
      Locals:         3       0       0       0       0       0       0       0       0       0       0       0       0       0
      Temps:          2       0       0       0       0       0       0       0       0       0       0       0       0       0
      Totals:         7       0       0       0       0       0       0       0       0       0       0       0       0       0
Total ram usage:        7 bytes
 Hardware stack levels used:    1
 Hardware stack levels required when called:    1
 This function calls:
		Nothing
 This function is called by:
		_send_query_response
 This function uses a non-reentrant model


 *************** function _putc *****************
 Defined at:
		line 241 in file "../bloader.c"
 Parameters:    Size  Location     Type
  c               1    wreg     unsigned char 
 Auto vars:     Size  Location     Type
  c               1    1[COMMON] unsigned char 
 Return value:  Size  Location     Type
		None               void
 Registers used:
		wreg, status,2, status,0, pclath, cstack
 Tracked objects:
		On entry : 
		On exit  : 
		Unchanged: 
 Data sizes:     COMMON   BANK0   BANK1   BANK2   BANK3   BANK4   BANK5   BANK6   BANK7   BANK8   BANK9  BANK10  BANK11  BANK12
      Params:         0       0       0       0       0       0       0       0       0       0       0       0       0       0
      Locals:         1       0       0       0       0       0       0       0       0       0       0       0       0       0
      Temps:          0       0       0       0       0       0       0       0       0       0       0       0       0       0
      Totals:         1       0       0       0       0       0       0       0       0       0       0       0       0       0
Total ram usage:        1 bytes
 Hardware stack levels used:    1
 Hardware stack levels required when called:    2
 This function calls:
		_tx_wait_empty
 This function is called by:
		_send_query_response
		_do_bootloader
 This function uses a non-reentrant model


 *************** function _tx_wait_empty *****************
 Defined at:
		line 226 in file "../bloader.c"
 Parameters:    Size  Location     Type
		None
 Auto vars:     Size  Location     Type
		None
 Return value:  Size  Location     Type
		None               void
 Registers used:
		None
 Tracked objects:
		On entry : 
		On exit  : 
		Unchanged: 
 Data sizes:     COMMON   BANK0   BANK1   BANK2   BANK3   BANK4   BANK5   BANK6   BANK7   BANK8   BANK9  BANK10  BANK11  BANK12
      Params:         0       0       0       0       0       0       0       0       0       0       0       0       0       0
      Locals:         0       0       0       0       0       0       0       0       0       0       0       0       0       0
      Temps:          0       0       0       0       0       0       0       0       0       0       0       0       0       0
      Totals:         0       0       0       0       0       0       0       0       0       0       0       0       0       0
Total ram usage:        0 bytes
 Hardware stack levels used:    1
 Hardware stack levels required when called:    1
 This function calls:
		Nothing
 This function is called by:
		_putc
		_do_bootloader
 This function uses a non-reentrant model


 *************** function _process_packet *****************
 Defined at:
		line 334 in file "../bloader.c"
 Parameters:    Size  Location     Type
		None
 Auto vars:     Size  Location     Type
  param           2   19[BANK0 ] unsigned int 
  crc16           2   16[BANK0 ] unsigned int 
  i               1   22[BANK0 ] unsigned char 
  acknak          1   21[BANK0 ] unsigned char 
  eeaddress       1   18[BANK0 ] unsigned char 
 Return value:  Size  Location     Type
                  1    wreg      unsigned char 
 Registers used:
		wreg, fsr0l, fsr0h, fsr1l, fsr1h, status,2, status,0, btemp+1, pclath, cstack
 Tracked objects:
		On entry : 
		On exit  : 
		Unchanged: 
 Data sizes:     COMMON   BANK0   BANK1   BANK2   BANK3   BANK4   BANK5   BANK6   BANK7   BANK8   BANK9  BANK10  BANK11  BANK12
      Params:         0       0       0       0       0       0       0       0       0       0       0       0       0       0
      Locals:         0       7       0       0       0       0       0       0       0       0       0       0       0       0
      Temps:          0       2       0       0       0       0       0       0       0       0       0       0       0       0
      Totals:         0       9       0       0       0       0       0       0       0       0       0       0       0       0
Total ram usage:        9 bytes
 Hardware stack levels used:    1
 Hardware stack levels required when called:    3
 This function calls:
		_calc_crc16
		_flash_write_row
		_eeprom_write
		_check_appspace
 This function is called by:
		_do_bootloader
 This function uses a non-reentrant model


 *************** function _check_appspace *****************
 Defined at:
		line 303 in file "../bloader.c"
 Parameters:    Size  Location     Type
		None
 Auto vars:     Size  Location     Type
  crc16           2   12[BANK0 ] unsigned int 
  i               2   10[BANK0 ] unsigned int 
  pmaddr          2    8[BANK0 ] unsigned int 
  rowsused        2    6[BANK0 ] unsigned int 
  appcrc16        2    4[BANK0 ] unsigned int 
 Return value:  Size  Location     Type
                  1    wreg      unsigned char 
 Registers used:
		wreg, fsr1l, fsr1h, status,2, status,0, btemp+1, pclath, cstack
 Tracked objects:
		On entry : 
		On exit  : 
		Unchanged: 
 Data sizes:     COMMON   BANK0   BANK1   BANK2   BANK3   BANK4   BANK5   BANK6   BANK7   BANK8   BANK9  BANK10  BANK11  BANK12
      Params:         0       0       0       0       0       0       0       0       0       0       0       0       0       0
      Locals:         0      10       0       0       0       0       0       0       0       0       0       0       0       0
      Temps:          0       4       0       0       0       0       0       0       0       0       0       0       0       0
      Totals:         0      14       0       0       0       0       0       0       0       0       0       0       0       0
Total ram usage:       14 bytes
 Hardware stack levels used:    1
 Hardware stack levels required when called:    2
 This function calls:
		_flash_read_row
		_calc_crc16
 This function is called by:
		_process_packet
		_main
 This function uses a non-reentrant model


 *************** function _calc_crc16 *****************
 Defined at:
		line 174 in file "../bloader.c"
 Parameters:    Size  Location     Type
  crcin           2    1[COMMON] unsigned int 
  buf             1    3[COMMON] PTR unsigned char 
		 -> pkt(80), 
  len             1    4[COMMON] unsigned char 
 Auto vars:     Size  Location     Type
  crc             2    9[COMMON] struct .
  j               1    8[COMMON] unsigned char 
  i               1    7[COMMON] unsigned char 
 Return value:  Size  Location     Type
                  2    1[COMMON] unsigned int 
 Registers used:
		wreg, fsr1l, fsr1h, status,2, status,0
 Tracked objects:
		On entry : 
		On exit  : 
		Unchanged: 
 Data sizes:     COMMON   BANK0   BANK1   BANK2   BANK3   BANK4   BANK5   BANK6   BANK7   BANK8   BANK9  BANK10  BANK11  BANK12
      Params:         4       0       0       0       0       0       0       0       0       0       0       0       0       0
      Locals:         4       0       0       0       0       0       0       0       0       0       0       0       0       0
      Temps:          2       0       0       0       0       0       0       0       0       0       0       0       0       0
      Totals:        10       0       0       0       0       0       0       0       0       0       0       0       0       0
Total ram usage:       10 bytes
 Hardware stack levels used:    1
 Hardware stack levels required when called:    1
 This function calls:
		Nothing
 This function is called by:
		_send_query_response
		_check_appspace
		_process_packet
 This function uses a non-reentrant model


 *************** function _flash_read_row *****************
 Defined at:
		line 26 in file "../flash.c"
 Parameters:    Size  Location     Type
  pm_word_addr    2    1[COMMON] unsigned int 
  buffer          1    3[COMMON] PTR void 
		 -> pkt(80), 
 Auto vars:     Size  Location     Type
  i               2    8[COMMON] unsigned int 
  wa              2    6[COMMON] unsigned int 
  pma             1    5[COMMON] PTR unsigned int 
		 -> pkt(80), 
 Return value:  Size  Location     Type
		None               void
 Registers used:
		wreg, fsr1l, fsr1h, status,2, status,0
 Tracked objects:
		On entry : 
		On exit  : 
		Unchanged: 
 Data sizes:     COMMON   BANK0   BANK1   BANK2   BANK3   BANK4   BANK5   BANK6   BANK7   BANK8   BANK9  BANK10  BANK11  BANK12
      Params:         3       0       0       0       0       0       0       0       0       0       0       0       0       0
      Locals:         5       0       0       0       0       0       0       0       0       0       0       0       0       0
      Temps:          1       0       0       0       0       0       0       0       0       0       0       0       0       0
      Totals:         9       0       0       0       0       0       0       0       0       0       0       0       0       0
Total ram usage:        9 bytes
 Hardware stack levels used:    1
 Hardware stack levels required when called:    1
 This function calls:
		Nothing
 This function is called by:
		_check_appspace
 This function uses a non-reentrant model


 *************** function _flash_write_row *****************
 Defined at:
		line 56 in file "../flash.c"
 Parameters:    Size  Location     Type
  pm_word_addr    2    1[COMMON] unsigned int 
  buffer          1    3[COMMON] PTR void 
		 -> pkt(80), 
 Auto vars:     Size  Location     Type
  v               2    8[COMMON] unsigned int 
  wa              2    6[COMMON] unsigned int 
  j               1   11[COMMON] unsigned char 
  i               1   10[COMMON] unsigned char 
  b               1    5[COMMON] PTR unsigned int 
		 -> pkt(80), 
 Return value:  Size  Location     Type
		None               void
 Registers used:
		wreg, fsr1l, fsr1h, status,2, status,0
 Tracked objects:
		On entry : 
		On exit  : 
		Unchanged: 
 Data sizes:     COMMON   BANK0   BANK1   BANK2   BANK3   BANK4   BANK5   BANK6   BANK7   BANK8   BANK9  BANK10  BANK11  BANK12
      Params:         3       0       0       0       0       0       0       0       0       0       0       0       0       0
      Locals:         7       0       0       0       0       0       0       0       0       0       0       0       0       0
      Temps:          1       0       0       0       0       0       0       0       0       0       0       0       0       0
      Totals:        11       0       0       0       0       0       0       0       0       0       0       0       0       0
Total ram usage:       11 bytes
 Hardware stack levels used:    1
 Hardware stack levels required when called:    1
 This function calls:
		Nothing
 This function is called by:
		_process_packet
 This function uses a non-reentrant model


 *************** function _eeprom_write *****************
 Defined at:
		line 7 in file "eewrite.c"
 Parameters:    Size  Location     Type
  addr            1    wreg     unsigned char 
  value           1    1[COMMON] unsigned char 
 Auto vars:     Size  Location     Type
  addr            1    4[COMMON] unsigned char 
 Return value:  Size  Location     Type
		None               void
 Registers used:
		wreg, status,2, status,0
 Tracked objects:
		On entry : 
		On exit  : 
		Unchanged: 
 Data sizes:     COMMON   BANK0   BANK1   BANK2   BANK3   BANK4   BANK5   BANK6   BANK7   BANK8   BANK9  BANK10  BANK11  BANK12
      Params:         1       0       0       0       0       0       0       0       0       0       0       0       0       0
      Locals:         1       0       0       0       0       0       0       0       0       0       0       0       0       0
      Temps:          2       0       0       0       0       0       0       0       0       0       0       0       0       0
      Totals:         4       0       0       0       0       0       0       0       0       0       0       0       0       0
Total ram usage:        4 bytes
 Hardware stack levels used:    1
 Hardware stack levels required when called:    1
 This function calls:
		Nothing
 This function is called by:
		_process_packet
		_do_bootloader
 This function uses a non-reentrant model


 *************** function _eeprom_read *****************
 Defined at:
		line 7 in file "eeread.c"
 Parameters:    Size  Location     Type
  addr            1    wreg     unsigned char 
 Auto vars:     Size  Location     Type
  addr            1    4[COMMON] unsigned char 
 Return value:  Size  Location     Type
                  1    wreg      unsigned char 
 Registers used:
		wreg, status,2, status,0
 Tracked objects:
		On entry : 
		On exit  : 
		Unchanged: 
 Data sizes:     COMMON   BANK0   BANK1   BANK2   BANK3   BANK4   BANK5   BANK6   BANK7   BANK8   BANK9  BANK10  BANK11  BANK12
      Params:         0       0       0       0       0       0       0       0       0       0       0       0       0       0
      Locals:         1       0       0       0       0       0       0       0       0       0       0       0       0       0
      Temps:          3       0       0       0       0       0       0       0       0       0       0       0       0       0
      Totals:         4       0       0       0       0       0       0       0       0       0       0       0       0       0
Total ram usage:        4 bytes
 Hardware stack levels used:    1
 Hardware stack levels required when called:    1
 This function calls:
		Nothing
 This function is called by:
		_do_bootloader
		_main
 This function uses a non-reentrant model


 *************** function _isr_redirect *****************
 Defined at:
		line 571 in file "../bloader.c"
 Parameters:    Size  Location     Type
		None
 Auto vars:     Size  Location     Type
		None
 Return value:  Size  Location     Type
		None               void
 Registers used:
		None
 Tracked objects:
		On entry : 
		On exit  : 
		Unchanged: 
 Data sizes:     COMMON   BANK0   BANK1   BANK2   BANK3   BANK4   BANK5   BANK6   BANK7   BANK8   BANK9  BANK10  BANK11  BANK12
      Params:         0       0       0       0       0       0       0       0       0       0       0       0       0       0
      Locals:         0       0       0       0       0       0       0       0       0       0       0       0       0       0
      Temps:          1       0       0       0       0       0       0       0       0       0       0       0       0       0
      Totals:         1       0       0       0       0       0       0       0       0       0       0       0       0       0
Total ram usage:        1 bytes
 Hardware stack levels used:    1
 This function calls:
		Nothing
 This function is called by:
		Interrupt level 1
 This function uses a non-reentrant model



MODULE INFORMATION

Module		Function		Class		Link	Load	Size
../bloader.c
		_read_configmem		CODE           	048A	0000	36
		_start_app     		CODE           	050D	0000	3
		_calc_crc16    		CODE           	03D1	0000	79
		_do_bootloader 		CODE           	01D0	0000	166
		_putc          		CODE           	04FF	0000	8
		_main          		CODE           	0377	0000	90
		_check_appspace		CODE           	0276	0000	146
		_process_packet		CODE           	0010	0000	272
		_send_query_res		CODE           	0120	0000	176
		_getc          		CODE           	04CA	0000	21
		_isr_redirect  		CODE           	0004	0000	10
		_tx_wait_empty 		CODE           	04F0	0000	15

../bloader.c estimated size: 1022

shared
		__initializatio		CODE           	04DF	0000	14

shared estimated size: 14

eewrite.c
		_eeprom_write  		CODE           	045C	0000	46

eewrite.c estimated size: 46

../flash.c
		_flash_write_ro		CODE           	0308	0000	111
		_flash_read_row		CODE           	0420	0000	60

../flash.c estimated size: 171

eeread.c
		_eeprom_read   		CODE           	04AE	0000	28

eeread.c estimated size: 28

